+----+-----------------------+-----------+--------+------+------+
|  id|email                  |password   |username|bio   |image |
+----+-----------------------+-----------+--------+------+------+
|   1|marcus.dunn@example.com|password123|frosty  |{null}|{null}|
+----+-----------------------+-----------+--------+------+------+
