+----+-----------------------+-----------+
|  id|email                  |password   |
+----+-----------------------+-----------+
|   1|marcus.dunn@example.com|password123|
+----+-----------------------+-----------+
